------------------------------------------------------------
Timing Analyzer Summary
------------------------------------------------------------

Type  : Slow 1100mV 85C Model Setup 'CLOCK_50'
Slack : -8.723
TNS   : -1392.683

Type  : Slow 1100mV 85C Model Hold 'CLOCK_50'
Slack : 0.471
TNS   : 0.000

Type  : Slow 1100mV 85C Model Recovery 'divisorGenerico_e_Interface:baseDeTempo|divisorGenerico:baseTempo|tick'
Slack : -6.232
TNS   : -12.458

Type  : Slow 1100mV 85C Model Removal 'divisorGenerico_e_Interface:baseDeTempo|divisorGenerico:baseTempo|tick'
Slack : 3.779
TNS   : 0.000

Type  : Slow 1100mV 85C Model Minimum Pulse Width 'CLOCK_50'
Slack : -0.649
TNS   : -174.162

Type  : Slow 1100mV 85C Model Minimum Pulse Width 'divisorGenerico_e_Interface:baseDeTempo|divisorGenerico:baseTempo|tick'
Slack : -0.538
TNS   : -1.620

Type  : Slow 1100mV 0C Model Setup 'CLOCK_50'
Slack : -9.028
TNS   : -1414.667

Type  : Slow 1100mV 0C Model Hold 'CLOCK_50'
Slack : 0.221
TNS   : 0.000

Type  : Slow 1100mV 0C Model Recovery 'divisorGenerico_e_Interface:baseDeTempo|divisorGenerico:baseTempo|tick'
Slack : -6.431
TNS   : -12.855

Type  : Slow 1100mV 0C Model Removal 'divisorGenerico_e_Interface:baseDeTempo|divisorGenerico:baseTempo|tick'
Slack : 3.908
TNS   : 0.000

Type  : Slow 1100mV 0C Model Minimum Pulse Width 'CLOCK_50'
Slack : -0.675
TNS   : -155.356

Type  : Slow 1100mV 0C Model Minimum Pulse Width 'divisorGenerico_e_Interface:baseDeTempo|divisorGenerico:baseTempo|tick'
Slack : -0.538
TNS   : -1.608

Type  : Fast 1100mV 85C Model Setup 'CLOCK_50'
Slack : -4.120
TNS   : -613.483

Type  : Fast 1100mV 85C Model Hold 'CLOCK_50'
Slack : -0.101
TNS   : -2.893

Type  : Fast 1100mV 85C Model Recovery 'divisorGenerico_e_Interface:baseDeTempo|divisorGenerico:baseTempo|tick'
Slack : -2.732
TNS   : -5.462

Type  : Fast 1100mV 85C Model Removal 'divisorGenerico_e_Interface:baseDeTempo|divisorGenerico:baseTempo|tick'
Slack : 1.704
TNS   : 0.000

Type  : Fast 1100mV 85C Model Minimum Pulse Width 'CLOCK_50'
Slack : -0.737
TNS   : -90.750

Type  : Fast 1100mV 85C Model Minimum Pulse Width 'divisorGenerico_e_Interface:baseDeTempo|divisorGenerico:baseTempo|tick'
Slack : 0.081
TNS   : 0.000

Type  : Fast 1100mV 0C Model Setup 'CLOCK_50'
Slack : -3.628
TNS   : -550.132

Type  : Fast 1100mV 0C Model Hold 'CLOCK_50'
Slack : -0.215
TNS   : -16.893

Type  : Fast 1100mV 0C Model Recovery 'divisorGenerico_e_Interface:baseDeTempo|divisorGenerico:baseTempo|tick'
Slack : -2.541
TNS   : -5.080

Type  : Fast 1100mV 0C Model Removal 'divisorGenerico_e_Interface:baseDeTempo|divisorGenerico:baseTempo|tick'
Slack : 1.635
TNS   : 0.000

Type  : Fast 1100mV 0C Model Minimum Pulse Width 'CLOCK_50'
Slack : -0.760
TNS   : -108.305

Type  : Fast 1100mV 0C Model Minimum Pulse Width 'divisorGenerico_e_Interface:baseDeTempo|divisorGenerico:baseTempo|tick'
Slack : 0.098
TNS   : 0.000

------------------------------------------------------------
